
    List of custom items:

    1. Just wanted to say water :)
    2. Just wanted to say bread :)
    3. Just wanted to say onion :)
    