
    More composite brick wants to say More Composite Hello :)
    --------------------------------------------------------------------
    composite1: 
    
        Composite brick wants to say Composite Hello 1 :)
    
        1. Just wanted to say First Hello :)
        2. Just wanted to say Second Hello :)
    
    --------------------------------------------------------------------
    composite2: 
    -----------     Composite brick wants to say Composite Hello 2 :)
    ----------- 
    -----------     1. Just wanted to say First Hello :)
    -----------     2. Just wanted to say Second Hello :)
    ----------- 
    --------------------------------------------------------------------
    simple: Just wanted to say Simple Hello :)
