
    Composite brick wants to say Composite Hello :)

    1. Just wanted to say First Hello :)
    2. Just wanted to say Second Hello :)
