<div>
    <p>
        Classic composite brick
        ............................................
        ...
        ... 
        ...     Composite brick wants to say Composite Hello :)
        ... 
        ...     1. Just wanted to say First Hello :)
        ...     2. Just wanted to say Second Hello :)
        ... 
        ...
    </p>

    <p>
        Unindented brick
        ............................................
        ...
        ... 
<pre>
  
    Some simple ASCII form
    ----------------------

    Name    : JokÅ«bas
    Address : Vilnius, Lithuania

</pre>
        ...
    </p>
<div>