
   Header: Enterprise System

   ....
   ....   Some content from extending Brick.
   ....
   ....   Kind of removes need for separate layout/tiles mechanism.
   ....

   Footer: Â© 2013
