
   Header: Enterprise System

   

   Footer: Â© 2013
