
    List of bricks:

    Just wanted to say water2 :)
    Just wanted to say bread2 :)
    Just wanted to say onion2 :)

    Just wanted to say water2 :) <---> Just wanted to say bread2 :) <---> Just wanted to say onion2 :)
