name is Simas.
next name is Jonas.
     next name is Antanas.
          next name is Ona.