
<pre>
  
    Some simple ASCII form
    ----------------------

    Name    : JokÅ«bas
    Address : Vilnius, Lithuania

</pre>