
   Header: Nice and Lighweight web-app with clean HTML source

   ....
   ....   Some content from extending Brick.
   ....
   ....   Kind of removes need for separate layout/tiles mechanism.
   ....

   Footer: Â© 2013
