'Brown cows in a lake' in lithuanian is 'žalos karvės ežere'.